Load from ground-truth from /Users/irae/Library/Caches/evalplus/fe585eb4df8c88d844eeb463ea4d0302.pkl
Reading samples...
humaneval (base tests)
pass@1:	0.018
humaneval+ (base + extra tests)
pass@1:	0.018

0it [00:00, ?it/s]
164it [00:00, 4367.26it/s]

  0%|          | 0/164 [00:00<?, ?it/s]
  1%|          | 1/164 [00:02<07:06,  2.62s/it]
  4%|▎         | 6/164 [00:04<01:39,  1.58it/s]
  7%|▋         | 11/164 [00:06<01:13,  2.08it/s]
 10%|▉         | 16/164 [00:08<01:04,  2.28it/s]
 12%|█▏        | 20/164 [00:08<00:43,  3.28it/s]
 13%|█▎        | 22/164 [00:09<00:57,  2.46it/s]
 15%|█▌        | 25/164 [00:10<00:41,  3.36it/s]
 16%|█▋        | 27/164 [00:11<00:57,  2.38it/s]
 19%|█▉        | 31/164 [00:13<00:55,  2.41it/s]
 20%|█▉        | 32/164 [00:13<00:50,  2.63it/s]
 21%|██▏       | 35/164 [00:13<00:33,  3.80it/s]
 23%|██▎       | 37/164 [00:15<00:50,  2.51it/s]
 24%|██▍       | 40/164 [00:15<00:34,  3.58it/s]
 26%|██▌       | 42/164 [00:17<00:50,  2.44it/s]
 27%|██▋       | 45/164 [00:17<00:34,  3.50it/s]
 29%|██▊       | 47/164 [00:18<00:48,  2.42it/s]
 30%|██▉       | 49/164 [00:18<00:36,  3.12it/s]
 31%|███       | 51/164 [00:20<00:50,  2.25it/s]
 32%|███▏      | 53/164 [00:20<00:38,  2.88it/s]
 34%|███▍      | 56/164 [00:22<00:44,  2.45it/s]
 35%|███▍      | 57/164 [00:22<00:38,  2.75it/s]
 35%|███▌      | 58/164 [00:22<00:34,  3.12it/s]
 37%|███▋      | 61/164 [00:23<00:41,  2.48it/s]
 38%|███▊      | 62/164 [00:24<00:36,  2.83it/s]
 38%|███▊      | 63/164 [00:24<00:31,  3.25it/s]
 40%|████      | 66/164 [00:25<00:38,  2.54it/s]
 41%|████      | 67/164 [00:25<00:33,  2.89it/s]
 41%|████▏     | 68/164 [00:25<00:29,  3.29it/s]
 43%|████▎     | 71/164 [00:27<00:37,  2.51it/s]
 44%|████▍     | 72/164 [00:27<00:31,  2.89it/s]
 45%|████▍     | 73/164 [00:27<00:28,  3.21it/s]
 46%|████▋     | 76/164 [00:29<00:34,  2.54it/s]
 47%|████▋     | 77/164 [00:29<00:29,  2.91it/s]
 48%|████▊     | 78/164 [00:29<00:25,  3.33it/s]
 49%|████▉     | 81/164 [00:30<00:32,  2.54it/s]
 50%|█████     | 82/164 [00:31<00:29,  2.83it/s]
 51%|█████     | 83/164 [00:31<00:24,  3.24it/s]
 52%|█████▏    | 86/164 [00:32<00:30,  2.55it/s]
 54%|█████▎    | 88/164 [00:33<00:24,  3.16it/s]
 55%|█████▌    | 91/164 [00:34<00:28,  2.60it/s]
 57%|█████▋    | 93/164 [00:34<00:22,  3.09it/s]
 59%|█████▊    | 96/164 [00:36<00:25,  2.62it/s]
 60%|█████▉    | 98/164 [00:36<00:21,  3.08it/s]
 62%|██████▏   | 101/164 [00:38<00:24,  2.58it/s]
 63%|██████▎   | 103/164 [00:38<00:19,  3.05it/s]
 65%|██████▍   | 106/164 [00:39<00:22,  2.63it/s]
 66%|██████▌   | 108/164 [00:40<00:18,  3.05it/s]
 68%|██████▊   | 111/164 [00:41<00:20,  2.63it/s]
 69%|██████▉   | 113/164 [00:41<00:16,  3.06it/s]
 71%|███████   | 116/164 [00:43<00:18,  2.62it/s]
 72%|███████▏  | 118/164 [00:43<00:15,  3.04it/s]
 74%|███████▍  | 121/164 [00:45<00:16,  2.65it/s]
 75%|███████▌  | 123/164 [00:45<00:13,  2.97it/s]
 76%|███████▌  | 125/164 [00:45<00:10,  3.73it/s]
 77%|███████▋  | 126/164 [00:46<00:15,  2.44it/s]
 78%|███████▊  | 128/164 [00:47<00:13,  2.74it/s]
 80%|███████▉  | 131/164 [00:48<00:13,  2.50it/s]
 80%|████████  | 132/164 [00:49<00:13,  2.46it/s]
 82%|████████▏ | 135/164 [00:49<00:07,  3.71it/s]
 83%|████████▎ | 136/164 [00:50<00:11,  2.40it/s]
 84%|████████▎ | 137/164 [00:50<00:11,  2.44it/s]
 85%|████████▌ | 140/164 [00:51<00:06,  3.68it/s]
 86%|████████▌ | 141/164 [00:52<00:09,  2.43it/s]
 87%|████████▋ | 142/164 [00:52<00:09,  2.44it/s]
 88%|████████▊ | 145/164 [00:53<00:05,  3.79it/s]
 89%|████████▉ | 146/164 [00:54<00:07,  2.42it/s]
 90%|████████▉ | 147/164 [00:54<00:06,  2.44it/s]
 91%|█████████▏| 150/164 [00:54<00:03,  3.81it/s]
 92%|█████████▏| 151/164 [00:55<00:05,  2.42it/s]
 93%|█████████▎| 152/164 [00:56<00:04,  2.46it/s]
 95%|█████████▍| 155/164 [00:56<00:02,  3.81it/s]
 95%|█████████▌| 156/164 [00:57<00:03,  2.42it/s]
 96%|█████████▌| 157/164 [00:58<00:02,  2.46it/s]
 97%|█████████▋| 159/164 [00:58<00:01,  3.60it/s]
 98%|█████████▊| 160/164 [00:58<00:01,  4.00it/s]
 98%|█████████▊| 161/164 [00:59<00:01,  2.23it/s]
 99%|█████████▉| 162/164 [00:59<00:00,  2.26it/s]
100%|██████████| 164/164 [00:59<00:00,  2.74it/s]
