13422 MiB, 16311 MiB, 37, 22.81 W, 2610 MHz
Mem:           31899       13303         948         109       19339       18596
Swap:          31898        8067       23831
13422 MiB, 16311 MiB, 41, 23.67 W, 2617 MHz
Mem:           31899       13380         836         109       19373       18519
Swap:          31898        8060       23838
13422 MiB, 16311 MiB, 44, 24.91 W, 2610 MHz
Mem:           31899       13412         794         109       19384       18486
Swap:          31898        8055       23843
13424 MiB, 16311 MiB, 41, 23.86 W, 2610 MHz
Mem:           31899       13318         818         118       19463       18581
Swap:          31898        8041       23857
13424 MiB, 16311 MiB, 41, 24.08 W, 2610 MHz
Mem:           31899       13616        1161         118       18821       18283
Swap:          31898        7929       23969
13424 MiB, 16311 MiB, 41, 24.15 W, 2610 MHz
Mem:           31899       13487        1277         118       18834       18412
Swap:          31898        7916       23982
13424 MiB, 16311 MiB, 41, 24.13 W, 2610 MHz
Mem:           31899       13402        1357         118       18838       18496
Swap:          31898        7911       23987
13424 MiB, 16311 MiB, 41, 24.12 W, 2610 MHz
Mem:           31899       13376        1361         118       18862       18523
Swap:          31898        7910       23988
13424 MiB, 16311 MiB, 41, 23.93 W, 2610 MHz
Mem:           31899       13608        1084         118       18906       18291
Swap:          31898        7909       23989
13424 MiB, 16311 MiB, 41, 23.96 W, 2610 MHz
Mem:           31899       13622        1378         109       18588       18277
Swap:          31898        8020       23878
13424 MiB, 16311 MiB, 42, 24.56 W, 2610 MHz
Mem:           31899       13447        1478         109       18663       18452
Swap:          31898        7979       23919
13424 MiB, 16311 MiB, 40, 24.05 W, 2610 MHz
Mem:           31899       13578        1299         109       18711       18321
Swap:          31898        7978       23920
