15049 MiB, 16311 MiB, 36, 7.59 W, 180 MHz
Mem:           31899       10071        1347         259       22294       21828
Swap:          31898        5730       26168
15050 MiB, 16311 MiB, 37, 12.49 W, 180 MHz
Mem:           31899       10043        1372         255       22293       21856
Swap:          31898        5729       26169
15050 MiB, 16311 MiB, 38, 7.47 W, 180 MHz
Mem:           31899       10069        1329         255       22310       21830
Swap:          31898        5726       26172
15034 MiB, 16311 MiB, 39, 8.88 W, 180 MHz
Mem:           31899       10531         611         255       22566       21367
Swap:          31898        5719       26179
14875 MiB, 16311 MiB, 39, 12.27 W, 607 MHz
Mem:           31899       10613        1360         255       21735       21286
Swap:          31898        5716       26182
14891 MiB, 16311 MiB, 40, 10.24 W, 562 MHz
Mem:           31899       11033        1002         266       21684       20866
Swap:          31898        5443       26455
14891 MiB, 16311 MiB, 39, 10.23 W, 277 MHz
Mem:           31899       11337        1451         258       20923       20562
Swap:          31898        5387       26511
14893 MiB, 16311 MiB, 38, 8.09 W, 180 MHz
Mem:           31899       11270        1411         263       21035       20629
Swap:          31898        5368       26530
14894 MiB, 16311 MiB, 41, 20.39 W, 810 MHz
Mem:           31899       11264        1384         259       21063       20635
Swap:          31898        5365       26533
