15630 MiB, 16311 MiB, 41, 24.49 W, 2610 MHz
Mem:           31899       11323        4544         254       17839       20575
Swap:          31898        4993       26905
15630 MiB, 16311 MiB, 42, 24.79 W, 2610 MHz
Mem:           31899       11303        4562         254       17842       20596
Swap:          31898        4993       26905
15631 MiB, 16311 MiB, 42, 24.70 W, 2617 MHz
Mem:           31899       11293        4569         254       17845       20606
Swap:          31898        4993       26905
15630 MiB, 16311 MiB, 40, 24.39 W, 2610 MHz
Mem:           31899       11540        4318         254       17848       20359
Swap:          31898        4993       26905
15630 MiB, 16311 MiB, 41, 24.38 W, 2610 MHz
Mem:           31899       11555        4300         257       17854       20343
Swap:          31898        4993       26905
15630 MiB, 16311 MiB, 41, 24.34 W, 2610 MHz
Mem:           31899       11521        4321         257       17867       20378
Swap:          31898        4993       26905
15630 MiB, 16311 MiB, 40, 24.24 W, 2610 MHz
Mem:           31899       11827        4000         254       17880       20072
Swap:          31898        4993       26905
15630 MiB, 16311 MiB, 40, 24.47 W, 2610 MHz
Mem:           31899       11803        4009         254       17895       20096
Swap:          31898        4993       26905
15630 MiB, 16311 MiB, 40, 24.49 W, 2610 MHz
Mem:           31899       11805        3995         255       17906       20093
Swap:          31898        4993       26905
