15556 MiB, 16311 MiB, 42, 24.94 W, 2617 MHz
Mem:           31899        9732        1259         232       22691       22167
Swap:          31898        6704       25194
15556 MiB, 16311 MiB, 42, 24.72 W, 2610 MHz
Mem:           31899        9687        1301         234       22697       22212
Swap:          31898        6703       25195
15556 MiB, 16311 MiB, 42, 25.46 W, 2610 MHz
Mem:           31899        9668        1319         234       22698       22231
Swap:          31898        6703       25195
15556 MiB, 16311 MiB, 41, 24.94 W, 2610 MHz
Mem:           31899        9945        1035         234       22705       21954
Swap:          31898        6702       25196
15556 MiB, 16311 MiB, 41, 24.65 W, 2610 MHz
Mem:           31899        9892        1084         232       22707       22007
Swap:          31898        6702       25196
15556 MiB, 16311 MiB, 41, 24.69 W, 2610 MHz
Mem:           31899       10104         858         234       22723       21795
Swap:          31898        6531       25367
15556 MiB, 16311 MiB, 40, 24.51 W, 2610 MHz
Mem:           31899       10227        1241         232       22213       21671
Swap:          31898        6703       25195
15556 MiB, 16311 MiB, 40, 24.51 W, 2610 MHz
Mem:           31899       10348        1087         230       22246       21551
Swap:          31898        6612       25286
15556 MiB, 16311 MiB, 40, 24.58 W, 2610 MHz
Mem:           31899       10408         993         232       22281       21491
Swap:          31898        6607       25291
