14527 MiB, 16311 MiB, 37, 5.01 W, 180 MHz
Mem:           31899        7949        2072         357       23904       23950
Swap:          31898         603       31295
14527 MiB, 16311 MiB, 37, 4.82 W, 180 MHz
Mem:           31899        8016        2002         357       23906       23883
Swap:          31898         603       31295
14527 MiB, 16311 MiB, 37, 4.99 W, 180 MHz
Mem:           31899        7999        2015         357       23910       23900
Swap:          31898         603       31295
14527 MiB, 16311 MiB, 36, 4.73 W, 180 MHz
Mem:           31899        7999        2010         357       23915       23900
Swap:          31898         603       31295
14527 MiB, 16311 MiB, 36, 5.78 W, 180 MHz
Mem:           31899        7988        2013         357       23923       23911
Swap:          31898         603       31295
14527 MiB, 16311 MiB, 36, 5.89 W, 180 MHz
Mem:           31899        8009        1988         359       23929       23890
Swap:          31898         603       31295
14527 MiB, 16311 MiB, 36, 5.94 W, 180 MHz
Mem:           31899        7964        2020         357       23941       23935
Swap:          31898         603       31295
14527 MiB, 16311 MiB, 36, 5.86 W, 180 MHz
Mem:           31899        8016        1924         357       23984       23882
Swap:          31898         603       31295
14527 MiB, 16311 MiB, 36, 5.31 W, 180 MHz
Mem:           31899        7979        1947         357       23998       23920
Swap:          31898         603       31295
