15728 MiB, 16311 MiB, 42, 24.77 W, 2610 MHz
Mem:           31899        9839        1890         247       21969       22060
Swap:          31898        6593       25305
15728 MiB, 16311 MiB, 42, 24.96 W, 2610 MHz
Mem:           31899        9820        1908         247       21970       22079
Swap:          31898        6593       25305
15728 MiB, 16311 MiB, 42, 25.20 W, 2610 MHz
Mem:           31899        9780        1940         250       21980       22119
Swap:          31898        6593       25305
15728 MiB, 16311 MiB, 41, 24.40 W, 2610 MHz
Mem:           31899       10037        1664         247       21997       21861
Swap:          31898        6593       25305
15728 MiB, 16311 MiB, 41, 24.45 W, 2610 MHz
Mem:           31899       10022        1667         247       22009       21876
Swap:          31898        6580       25318
15728 MiB, 16311 MiB, 41, 24.42 W, 2610 MHz
Mem:           31899        9990        1697         247       22012       21909
Swap:          31898        6579       25319
15728 MiB, 16311 MiB, 40, 24.30 W, 2610 MHz
Mem:           31899       10521        1151         250       22028       21378
Swap:          31898        6574       25324
15728 MiB, 16311 MiB, 40, 24.26 W, 2610 MHz
Mem:           31899       10515        1097         248       22087       21384
Swap:          31898        6572       25326
15728 MiB, 16311 MiB, 40, 24.53 W, 2610 MHz
Mem:           31899       10611         644         248       22443       21287
Swap:          31898        6569       25329
