15106 MiB, 16311 MiB, 38, 23.48 W, 2610 MHz
Mem:           31899       10536        8153         126       14889       21363
Swap:          31898        5282       26616
15106 MiB, 16311 MiB, 40, 24.14 W, 2610 MHz
Mem:           31899       10728        7957         126       14893       21171
Swap:          31898        5282       26616
15106 MiB, 16311 MiB, 41, 24.36 W, 2610 MHz
Mem:           31899       10536        8142         124       14898       21363
Swap:          31898        5281       26617
15111 MiB, 16311 MiB, 40, 24.10 W, 2610 MHz
Mem:           31899       10605        8045         124       14926       21294
Swap:          31898        5264       26634
15111 MiB, 16311 MiB, 40, 24.24 W, 2610 MHz
Mem:           31899       10559        8081         126       14938       21340
Swap:          31898        5263       26635
15111 MiB, 16311 MiB, 40, 24.05 W, 2617 MHz
Mem:           31899       10520        8089         124       14967       21379
Swap:          31898        5263       26635
15111 MiB, 16311 MiB, 40, 24.57 W, 2610 MHz
Mem:           31899       10508        8085         120       14979       21391
Swap:          31898        5262       26636
15111 MiB, 16311 MiB, 40, 24.50 W, 2610 MHz
Mem:           31899       10541        8021         123       15013       21358
Swap:          31898        5261       26637
15111 MiB, 16311 MiB, 40, 24.59 W, 2610 MHz
Mem:           31899       10512        8028         123       15035       21387
Swap:          31898        5261       26637
