15453 MiB, 16311 MiB, 37, 4.74 W, 180 MHz
Mem:           31899        8062        2094         347       23758       23836
Swap:          31898         638       31260
15453 MiB, 16311 MiB, 37, 4.67 W, 180 MHz
Mem:           31899        8060        2076         345       23776       23839
Swap:          31898         626       31272
15453 MiB, 16311 MiB, 37, 5.74 W, 180 MHz
Mem:           31899        8023        2113         345       23777       23876
Swap:          31898         624       31274
15453 MiB, 16311 MiB, 36, 5.18 W, 180 MHz
Mem:           31899        8008        2119         345       23786       23891
Swap:          31898         624       31274
15453 MiB, 16311 MiB, 36, 4.93 W, 180 MHz
Mem:           31899        8063        2059         347       23793       23836
Swap:          31898         605       31293
15453 MiB, 16311 MiB, 36, 4.93 W, 180 MHz
Mem:           31899        8019        2098         345       23796       23880
Swap:          31898         605       31293
15453 MiB, 16311 MiB, 36, 4.98 W, 180 MHz
Mem:           31899        8037        2070         345       23805       23862
Swap:          31898         605       31293
15453 MiB, 16311 MiB, 36, 5.68 W, 180 MHz
Mem:           31899        8001        2091         345       23819       23897
Swap:          31898         605       31293
15453 MiB, 16311 MiB, 36, 4.94 W, 180 MHz
Mem:           31899        8069        2011         345       23832       23830
Swap:          31898         604       31294
