/opt/homebrew/Cellar/mlx-lm/0.31.3_2/libexec/lib/python3.14/site-packages/mlx_lm/server.py:1723: UserWarning: mlx_lm.server is not recommended for production as it only implements basic security checks.
  warnings.warn(
2026-09-15 23:46:37,655 - INFO - Starting httpd at 127.0.0.1 on port 8081...
2026-09-15 23:46:37,810 - INFO - HTTP Request: GET https://huggingface.co/api/models/prism-ml/Ternary-Bonsai-27B-mlx-2bit/revision/main "HTTP/1.1 200 OK"
Fetching 13 files:   0%|          | 0/13 [00:00<?, ?it/s]Fetching 13 files: 100%|██████████| 13/13 [00:00<00:00, 143112.73it/s]
127.0.0.1 - - [15/Sep/2026 23:46:38] "GET /v1/models HTTP/1.1" 200 -
2026-09-15 23:46:40,390 - INFO - Prompt Cache: 0 sequences, 0.00 GB
2026-09-15 23:46:40,391 - INFO - - assistant: 0 sequences, 0.00 GB
2026-09-15 23:46:40,391 - INFO - - user: 0 sequences, 0.00 GB
2026-09-15 23:46:40,391 - INFO - - system: 0 sequences, 0.00 GB
127.0.0.1 - - [15/Sep/2026 23:46:40] "POST /v1/chat/completions HTTP/1.1" 200 -
2026-09-15 23:46:40,829 - INFO - Prompt processing progress: 17/269
2026-09-15 23:46:42,517 - INFO - Prompt processing progress: 267/269
2026-09-15 23:46:42,523 - INFO - Prompt Cache: 2 sequences, 0.33 GB
2026-09-15 23:46:42,523 - INFO - - assistant: 0 sequences, 0.00 GB
2026-09-15 23:46:42,523 - INFO - - user: 1 sequences, 0.17 GB
2026-09-15 23:46:42,523 - INFO - - system: 1 sequences, 0.16 GB
127.0.0.1 - - [15/Sep/2026 23:46:42] "POST /v1/chat/completions HTTP/1.1" 200 -
2026-09-15 23:46:42,692 - INFO - Prompt Cache: 2 sequences, 0.33 GB
2026-09-15 23:46:42,692 - INFO - - assistant: 0 sequences, 0.00 GB
2026-09-15 23:46:42,692 - INFO - - user: 1 sequences, 0.17 GB
2026-09-15 23:46:42,693 - INFO - - system: 1 sequences, 0.16 GB
127.0.0.1 - - [15/Sep/2026 23:46:42] "POST /v1/chat/completions HTTP/1.1" 200 -
2026-09-15 23:46:42,845 - INFO - Prompt Cache: 2 sequences, 0.33 GB
2026-09-15 23:46:42,846 - INFO - - assistant: 0 sequences, 0.00 GB
2026-09-15 23:46:42,846 - INFO - - user: 1 sequences, 0.17 GB
2026-09-15 23:46:42,846 - INFO - - system: 1 sequences, 0.16 GB
127.0.0.1 - - [15/Sep/2026 23:46:42] "POST /v1/chat/completions HTTP/1.1" 200 -
2026-09-15 23:46:47,352 - INFO - Prompt processing progress: 268/269
2026-09-15 23:46:47,352 - INFO - Prompt processing progress: 166/168
2026-09-15 23:46:47,352 - INFO - Prompt processing progress: 19/21
2026-09-15 23:46:47,352 - INFO - Prompt processing progress: 1/2
2026-09-15 23:46:47,513 - INFO - Prompt processing progress: 269/269
2026-09-15 23:46:47,513 - INFO - Prompt processing progress: 2/2
2026-09-15 23:46:47,513 - INFO - Prompt processing progress: 167/168
2026-09-15 23:46:47,513 - INFO - Prompt processing progress: 20/21
2026-09-15 23:46:47,653 - INFO - Prompt processing progress: 168/168
2026-09-15 23:46:47,653 - INFO - Prompt processing progress: 21/21
2026-09-15 23:47:08,675 - INFO - Prompt Cache: 8 sequences, 1.30 GB
2026-09-15 23:47:08,676 - INFO - - assistant: 4 sequences, 0.65 GB
2026-09-15 23:47:08,676 - INFO - - user: 3 sequences, 0.49 GB
2026-09-15 23:47:08,676 - INFO - - system: 1 sequences, 0.16 GB
127.0.0.1 - - [15/Sep/2026 23:47:08] "POST /v1/chat/completions HTTP/1.1" 200 -
2026-09-15 23:47:08,949 - INFO - Prompt processing progress: 1/1
2026-09-15 23:56:37,262 - INFO - Prompt Cache: 9 sequences, 1.78 GB
2026-09-15 23:56:37,264 - INFO - - assistant: 5 sequences, 1.13 GB
2026-09-15 23:56:37,264 - INFO - - user: 3 sequences, 0.49 GB
2026-09-15 23:56:37,264 - INFO - - system: 1 sequences, 0.16 GB
127.0.0.1 - - [15/Sep/2026 23:56:37] "POST /v1/chat/completions HTTP/1.1" 200 -
2026-09-15 23:56:37,436 - INFO - Prompt Cache: 9 sequences, 1.78 GB
2026-09-15 23:56:37,436 - INFO - - assistant: 5 sequences, 1.13 GB
2026-09-15 23:56:37,436 - INFO - - user: 3 sequences, 0.49 GB
2026-09-15 23:56:37,436 - INFO - - system: 1 sequences, 0.16 GB
127.0.0.1 - - [15/Sep/2026 23:56:37] "POST /v1/chat/completions HTTP/1.1" 200 -
2026-09-15 23:56:37,700 - INFO - Prompt processing progress: 1/1
2026-09-15 23:56:37,700 - INFO - Prompt processing progress: 1/1
2026-09-15 23:59:53,119 - INFO - Prompt Cache: 10 sequences, 2.34 GB
2026-09-15 23:59:53,119 - INFO - - assistant: 6 sequences, 1.69 GB
2026-09-15 23:59:53,119 - INFO - - user: 3 sequences, 0.49 GB
2026-09-15 23:59:53,119 - INFO - - system: 1 sequences, 0.16 GB
127.0.0.1 - - [15/Sep/2026 23:59:53] "POST /v1/chat/completions HTTP/1.1" 200 -
2026-09-15 23:59:56,254 - INFO - Prompt processing progress: 434/436
2026-09-15 23:59:56,396 - INFO - Prompt processing progress: 435/436
2026-09-15 23:59:56,537 - INFO - Prompt processing progress: 436/436
2026-09-16 00:02:07,230 - INFO - Prompt Cache: 10 sequences, 2.85 GB
2026-09-16 00:02:07,231 - INFO - - assistant: 5 sequences, 2.02 GB
2026-09-16 00:02:07,231 - INFO - - user: 4 sequences, 0.68 GB
2026-09-16 00:02:07,231 - INFO - - system: 1 sequences, 0.16 GB
127.0.0.1 - - [16/Sep/2026 00:02:07] "POST /v1/chat/completions HTTP/1.1" 200 -
2026-09-16 00:02:07,516 - INFO - Prompt processing progress: 1/1
2026-09-16 00:08:22,479 - INFO - Prompt Cache: 10 sequences, 3.22 GB
2026-09-16 00:08:22,479 - INFO - - assistant: 5 sequences, 2.38 GB
2026-09-16 00:08:22,479 - INFO - - user: 4 sequences, 0.68 GB
2026-09-16 00:08:22,479 - INFO - - system: 1 sequences, 0.16 GB
127.0.0.1 - - [16/Sep/2026 00:08:22] "POST /v1/chat/completions HTTP/1.1" 200 -
2026-09-16 00:08:22,620 - INFO - Prompt Cache: 10 sequences, 3.22 GB
2026-09-16 00:08:22,620 - INFO - - assistant: 5 sequences, 2.38 GB
2026-09-16 00:08:22,620 - INFO - - user: 4 sequences, 0.68 GB
2026-09-16 00:08:22,621 - INFO - - system: 1 sequences, 0.16 GB
127.0.0.1 - - [16/Sep/2026 00:08:22] "POST /v1/chat/completions HTTP/1.1" 200 -
2026-09-16 00:08:22,887 - INFO - Prompt processing progress: 1/1
2026-09-16 00:08:22,887 - INFO - Prompt processing progress: 1/1
127.0.0.1 - - [16/Sep/2026 00:18:01] "GET /v1/models HTTP/1.1" 200 -
2026-09-16 00:18:32,550 - INFO - Prompt Cache: 10 sequences, 3.22 GB
2026-09-16 00:18:32,550 - INFO - - assistant: 5 sequences, 2.38 GB
2026-09-16 00:18:32,550 - INFO - - user: 4 sequences, 0.68 GB
2026-09-16 00:18:32,550 - INFO - - system: 1 sequences, 0.16 GB
127.0.0.1 - - [16/Sep/2026 00:18:32] "POST /v1/chat/completions HTTP/1.1" 200 -
2026-09-16 00:18:33,131 - INFO - Prompt processing progress: 9/11
2026-09-16 00:18:33,326 - INFO - Prompt processing progress: 10/11
2026-09-16 00:18:33,504 - INFO - Prompt processing progress: 11/11
