/opt/homebrew/Cellar/mlx-lm/0.31.3_2/libexec/lib/python3.14/site-packages/mlx_lm/server.py:1723: UserWarning: mlx_lm.server is not recommended for production as it only implements basic security checks.
  warnings.warn(
2026-09-15 22:23:42,774 - INFO - Starting httpd at 127.0.0.1 on port 8081...
2026-09-15 22:23:42,928 - INFO - HTTP Request: GET https://huggingface.co/api/models/prism-ml/Ternary-Bonsai-27B-mlx-2bit/revision/main "HTTP/1.1 200 OK"
Fetching 13 files:   0%|          | 0/13 [00:00<?, ?it/s]Fetching 13 files: 100%|██████████| 13/13 [00:00<00:00, 151041.42it/s]
127.0.0.1 - - [15/Sep/2026 22:23:44] "GET /v1/models HTTP/1.1" 200 -
2026-09-15 22:23:47,757 - INFO - Prompt Cache: 0 sequences, 0.00 GB
2026-09-15 22:23:47,757 - INFO - - assistant: 0 sequences, 0.00 GB
2026-09-15 22:23:47,757 - INFO - - user: 0 sequences, 0.00 GB
2026-09-15 22:23:47,757 - INFO - - system: 0 sequences, 0.00 GB
127.0.0.1 - - [15/Sep/2026 22:23:47] "POST /v1/chat/completions HTTP/1.1" 200 -
2026-09-15 22:23:48,200 - INFO - Prompt processing progress: 17/149
2026-09-15 22:23:49,279 - INFO - Prompt processing progress: 147/149
2026-09-15 22:23:49,284 - INFO - Prompt Cache: 2 sequences, 0.32 GB
2026-09-15 22:23:49,284 - INFO - - assistant: 0 sequences, 0.00 GB
2026-09-15 22:23:49,284 - INFO - - user: 1 sequences, 0.16 GB
2026-09-15 22:23:49,284 - INFO - - system: 1 sequences, 0.16 GB
127.0.0.1 - - [15/Sep/2026 22:23:49] "POST /v1/chat/completions HTTP/1.1" 200 -
2026-09-15 22:23:50,485 - INFO - Prompt processing progress: 148/149
2026-09-15 22:23:50,485 - INFO - Prompt processing progress: 24/26
2026-09-15 22:23:50,715 - INFO - Prompt processing progress: 25/26
2026-09-15 22:23:50,721 - INFO - Prompt processing progress: 149/149
2026-09-15 22:23:50,821 - INFO - Prompt processing progress: 26/26
2026-09-15 22:24:07,983 - INFO - Prompt Cache: 6 sequences, 0.99 GB
2026-09-15 22:24:07,983 - INFO - - assistant: 3 sequences, 0.51 GB
2026-09-15 22:24:07,983 - INFO - - user: 2 sequences, 0.32 GB
2026-09-15 22:24:07,983 - INFO - - system: 1 sequences, 0.16 GB
127.0.0.1 - - [15/Sep/2026 22:24:08] "POST /v1/chat/completions HTTP/1.1" 200 -
2026-09-15 22:24:08,212 - INFO - Prompt processing progress: 1/1
2026-09-15 22:34:09,107 - INFO - Prompt Cache: 6 sequences, 0.99 GB
2026-09-15 22:34:09,107 - INFO - - assistant: 3 sequences, 0.51 GB
2026-09-15 22:34:09,107 - INFO - - user: 2 sequences, 0.32 GB
2026-09-15 22:34:09,107 - INFO - - system: 1 sequences, 0.16 GB
127.0.0.1 - - [15/Sep/2026 22:34:09] "POST /v1/chat/completions HTTP/1.1" 200 -
2026-09-15 22:34:09,630 - INFO - Prompt processing progress: 9/11
2026-09-15 22:34:09,763 - INFO - Prompt processing progress: 10/11
2026-09-15 22:34:09,893 - INFO - Prompt processing progress: 11/11
2026-09-15 22:38:49,279 - INFO - Prompt Cache: 10 sequences, 2.97 GB
2026-09-15 22:38:49,279 - INFO - - assistant: 6 sequences, 2.34 GB
2026-09-15 22:38:49,279 - INFO - - user: 3 sequences, 0.48 GB
2026-09-15 22:38:49,279 - INFO - - system: 1 sequences, 0.16 GB
127.0.0.1 - - [15/Sep/2026 22:38:49] "POST /v1/chat/completions HTTP/1.1" 200 -
2026-09-15 22:38:50,960 - INFO - Prompt processing progress: 194/196
2026-09-15 22:38:51,071 - INFO - Prompt processing progress: 195/196
2026-09-15 22:38:51,170 - INFO - Prompt processing progress: 196/196
2026-09-15 22:39:16,859 - INFO - Prompt Cache: 10 sequences, 2.97 GB
2026-09-15 22:39:16,859 - INFO - - assistant: 5 sequences, 2.17 GB
2026-09-15 22:39:16,859 - INFO - - user: 4 sequences, 0.65 GB
2026-09-15 22:39:16,859 - INFO - - system: 1 sequences, 0.16 GB
127.0.0.1 - - [15/Sep/2026 22:39:16] "POST /v1/chat/completions HTTP/1.1" 200 -
2026-09-15 22:39:17,099 - INFO - Prompt processing progress: 1/1
2026-09-15 22:44:15,274 - INFO - Prompt Cache: 10 sequences, 3.46 GB
2026-09-15 22:44:15,274 - INFO - - assistant: 5 sequences, 2.66 GB
2026-09-15 22:44:15,274 - INFO - - user: 4 sequences, 0.65 GB
2026-09-15 22:44:15,274 - INFO - - system: 1 sequences, 0.16 GB
127.0.0.1 - - [15/Sep/2026 22:44:15] "POST /v1/chat/completions HTTP/1.1" 200 -
2026-09-15 22:44:17,183 - INFO - Prompt processing progress: 250/252
2026-09-15 22:44:17,298 - INFO - Prompt processing progress: 251/252
2026-09-15 22:44:17,395 - INFO - Prompt processing progress: 252/252
2026-09-15 22:44:42,787 - INFO - Prompt Cache: 10 sequences, 3.49 GB
2026-09-15 22:44:42,787 - INFO - - assistant: 4 sequences, 2.52 GB
2026-09-15 22:44:42,787 - INFO - - user: 5 sequences, 0.82 GB
2026-09-15 22:44:42,787 - INFO - - system: 1 sequences, 0.16 GB
127.0.0.1 - - [15/Sep/2026 22:44:42] "POST /v1/chat/completions HTTP/1.1" 200 -
2026-09-15 22:44:43,013 - INFO - Prompt processing progress: 1/1
