15464 MiB, 16311 MiB, 38, 23.36 W, 2610 MHz
Mem:           31899       13193        6898         153       13541       18706
Swap:          31898        7925       23973
15464 MiB, 16311 MiB, 40, 23.98 W, 2610 MHz
Mem:           31899       13181        6891         153       13561       18718
Swap:          31898        7924       23974
15464 MiB, 16311 MiB, 41, 24.37 W, 2610 MHz
Mem:           31899       13166        6901         153       13566       18733
Swap:          31898        7924       23974
15464 MiB, 16311 MiB, 40, 24.16 W, 2610 MHz
Mem:           31899       13197        6834         153       13602       18702
Swap:          31898        7923       23975
15464 MiB, 16311 MiB, 40, 24.47 W, 2610 MHz
Mem:           31899       13221        6777         153       13634       18678
Swap:          31898        7923       23975
15464 MiB, 16311 MiB, 40, 24.27 W, 2610 MHz
Mem:           31899       13219        6767         153       13646       18680
Swap:          31898        7923       23975
15464 MiB, 16311 MiB, 39, 24.05 W, 2610 MHz
Mem:           31899       13222        6727         153       13684       18677
Swap:          31898        7922       23976
15464 MiB, 16311 MiB, 40, 24.36 W, 2610 MHz
Mem:           31899       13140        6811         153       13683       18759
Swap:          31898        7922       23976
15464 MiB, 16311 MiB, 40, 24.45 W, 2610 MHz
Mem:           31899       13125        6805         153       13702       18774
Swap:          31898        7922       23976
15464 MiB, 16311 MiB, 39, 24.32 W, 2610 MHz
Mem:           31899       13274        6592         153       13767       18624
Swap:          31898        7921       23977
15464 MiB, 16311 MiB, 39, 24.30 W, 2610 MHz
Mem:           31899       13282        6511         153       13840       18617
Swap:          31898        7918       23980
15464 MiB, 16311 MiB, 40, 24.39 W, 2610 MHz
Mem:           31899       13250        6517         153       13866       18649
Swap:          31898        7917       23981
