15735 MiB, 16311 MiB, 39, 23.95 W, 2610 MHz
Mem:           31899       13014         833         244       19881       18885
Swap:          31898        7872       24026
15735 MiB, 16311 MiB, 41, 24.37 W, 2610 MHz
Mem:           31899       13051         793         244       19883       18848
Swap:          31898        7872       24026
15735 MiB, 16311 MiB, 41, 24.52 W, 2610 MHz
Mem:           31899       13067         777         244       19884       18832
Swap:          31898        7872       24026
15735 MiB, 16311 MiB, 40, 24.41 W, 2610 MHz
Mem:           31899       13085         757         244       19885       18814
Swap:          31898        7872       24026
15735 MiB, 16311 MiB, 41, 24.45 W, 2610 MHz
Mem:           31899       12971         883         244       19873       18928
Swap:          31898        7871       24027
15735 MiB, 16311 MiB, 40, 24.44 W, 2610 MHz
Mem:           31899       12988         867         244       19873       18911
Swap:          31898        7871       24027
15735 MiB, 16311 MiB, 40, 24.64 W, 2610 MHz
Mem:           31899       12950         900         244       19878       18949
Swap:          31898        7871       24027
15735 MiB, 16311 MiB, 40, 24.42 W, 2610 MHz
Mem:           31899       12952         895         244       19880       18946
Swap:          31898        7870       24028
15735 MiB, 16311 MiB, 40, 24.43 W, 2610 MHz
Mem:           31899       13121         717         244       19890       18778
Swap:          31898        7868       24030
15735 MiB, 16311 MiB, 41, 24.60 W, 2610 MHz
Mem:           31899       12797        1025         244       19905       19102
Swap:          31898        7865       24033
15735 MiB, 16311 MiB, 41, 24.71 W, 2610 MHz
Mem:           31899       12986         825         244       19915       18913
Swap:          31898        7864       24034
15735 MiB, 16311 MiB, 41, 25.00 W, 2610 MHz
Mem:           31899       13070         725         244       19931       18829
Swap:          31898        7863       24035
