15353 MiB, 16311 MiB, 40, 23.80 W, 2610 MHz
Mem:           31899       13653        6085         204       13964       18246
Swap:          31898        7859       24039
15353 MiB, 16311 MiB, 42, 24.94 W, 2610 MHz
Mem:           31899       13589        6146         204       13966       18310
Swap:          31898        7859       24039
15353 MiB, 16311 MiB, 43, 25.12 W, 2610 MHz
Mem:           31899       13650        6077         204       13974       18248
Swap:          31898        7858       24040
15353 MiB, 16311 MiB, 43, 25.27 W, 2610 MHz
Mem:           31899       13546        6132         204       14023       18352
Swap:          31898        7858       24040
15353 MiB, 16311 MiB, 44, 25.36 W, 2610 MHz
Mem:           31899       13467        6198         204       14036       18431
Swap:          31898        7857       24041
15353 MiB, 16311 MiB, 44, 25.31 W, 2610 MHz
Mem:           31899       13425        6235         204       14041       18474
Swap:          31898        7857       24041
15353 MiB, 16311 MiB, 42, 25.31 W, 2610 MHz
Mem:           31899       13412        6237         204       14052       18487
Swap:          31898        7856       24042
15353 MiB, 16311 MiB, 43, 25.29 W, 2610 MHz
Mem:           31899       13407        6209         204       14085       18492
Swap:          31898        7856       24042
15353 MiB, 16311 MiB, 42, 25.09 W, 2610 MHz
Mem:           31899       13451        6131         204       14119       18448
Swap:          31898        7855       24043
15353 MiB, 16311 MiB, 41, 24.66 W, 2617 MHz
Mem:           31899       13522        5942         204       14238       18377
Swap:          31898        7850       24048
15353 MiB, 16311 MiB, 41, 24.62 W, 2610 MHz
Mem:           31899       14851        3867         237       15017       17048
Swap:          31898        7791       24107
15357 MiB, 16311 MiB, 41, 24.53 W, 2610 MHz
Mem:           31899       13994        4681         227       15050       17904
Swap:          31898        7790       24108
