15837 MiB, 16311 MiB, 42, 24.05 W, 2610 MHz
Mem:           31899       13075        2427         278       18271       18824
Swap:          31898        7941       23957
15837 MiB, 16311 MiB, 44, 25.12 W, 2610 MHz
Mem:           31899       13110        2392         278       18271       18788
Swap:          31898        7941       23957
15837 MiB, 16311 MiB, 44, 25.27 W, 2610 MHz
Mem:           31899       13092        2410         278       18271       18806
Swap:          31898        7941       23957
15837 MiB, 16311 MiB, 43, 25.24 W, 2610 MHz
Mem:           31899       13066        2437         278       18272       18833
Swap:          31898        7941       23957
15837 MiB, 16311 MiB, 44, 25.28 W, 2610 MHz
Mem:           31899       13031        2469         278       18274       18868
Swap:          31898        7941       23957
15837 MiB, 16311 MiB, 44, 25.37 W, 2610 MHz
Mem:           31899       13042        2456         278       18276       18857
Swap:          31898        7941       23957
15837 MiB, 16311 MiB, 43, 25.50 W, 2610 MHz
Mem:           31899       13034        2462         278       18278       18865
Swap:          31898        7941       23957
15837 MiB, 16311 MiB, 43, 25.32 W, 2610 MHz
Mem:           31899       13081        2398         278       18295       18818
Swap:          31898        7941       23957
15837 MiB, 16311 MiB, 43, 25.58 W, 2610 MHz
Mem:           31899       13121        2352         278       18302       18778
Swap:          31898        7941       23957
15837 MiB, 16311 MiB, 42, 25.11 W, 2610 MHz
Mem:           31899       13147        2234         278       18393       18752
Swap:          31898        7931       23967
15837 MiB, 16311 MiB, 42, 24.72 W, 2610 MHz
Mem:           31899       13137        2213         278       18424       18762
Swap:          31898        7929       23969
15837 MiB, 16311 MiB, 42, 25.19 W, 2610 MHz
Mem:           31899       13173        2149         278       18452       18726
Swap:          31898        7929       23969
