15689 MiB, 16311 MiB, 41, 27.42 W, 2617 MHz
Mem:           31899       12644        1032         126       19952       19255
Swap:          31898        8387       23511
15689 MiB, 16311 MiB, 41, 27.69 W, 2610 MHz
Mem:           31899       12624        1052         126       19952       19275
Swap:          31898        8386       23512
15689 MiB, 16311 MiB, 42, 27.95 W, 2617 MHz
Mem:           31899       12658        1014         126       19957       19241
Swap:          31898        8383       23515
15665 MiB, 16311 MiB, 40, 27.50 W, 2610 MHz
Mem:           31899       12588        1043         126       19998       19311
Swap:          31898        8381       23517
15665 MiB, 16311 MiB, 41, 27.61 W, 2610 MHz
Mem:           31899       12539        1092         126       19998       19360
Swap:          31898        8370       23528
15665 MiB, 16311 MiB, 41, 27.66 W, 2610 MHz
Mem:           31899       12527        1087         126       20014       19372
Swap:          31898        8369       23529
15665 MiB, 16311 MiB, 40, 27.65 W, 2610 MHz
Mem:           31899       12501         930         126       20198       19398
Swap:          31898        8363       23535
15743 MiB, 16311 MiB, 41, 31.02 W, 2647 MHz
Mem:           31899       12471         909         126       20248       19428
Swap:          31898        8362       23536
15691 MiB, 16311 MiB, 40, 24.30 W, 2610 MHz
Mem:           31899       13062        2094         146       18490       18837
Swap:          31898        7438       24460
