Load from ground-truth from /Users/irae/Library/Caches/evalplus/fe585eb4df8c88d844eeb463ea4d0302.pkl
Reading samples...
humaneval (base tests)
pass@1:	0.024
humaneval+ (base + extra tests)
pass@1:	0.024

0it [00:00, ?it/s]
164it [00:00, 4057.80it/s]

  0%|          | 0/164 [00:00<?, ?it/s]
  1%|          | 1/164 [00:02<07:05,  2.61s/it]
  4%|▎         | 6/164 [00:04<01:40,  1.57it/s]
  7%|▋         | 11/164 [00:06<01:14,  2.04it/s]
  9%|▉         | 15/164 [00:06<00:46,  3.22it/s]
 10%|█         | 17/164 [00:08<01:05,  2.23it/s]
 12%|█▏        | 20/164 [00:08<00:46,  3.09it/s]
 13%|█▎        | 22/164 [00:10<01:01,  2.30it/s]
 15%|█▌        | 25/164 [00:10<00:42,  3.28it/s]
 16%|█▋        | 27/164 [00:11<00:59,  2.32it/s]
 19%|█▉        | 31/164 [00:13<00:58,  2.27it/s]
 22%|██▏       | 36/164 [00:15<00:51,  2.49it/s]
 24%|██▍       | 39/164 [00:15<00:38,  3.27it/s]
 25%|██▌       | 41/164 [00:17<00:50,  2.45it/s]
 26%|██▌       | 42/164 [00:17<00:45,  2.66it/s]
 28%|██▊       | 46/164 [00:18<00:45,  2.59it/s]
 29%|██▊       | 47/164 [00:19<00:42,  2.78it/s]
 31%|███       | 51/164 [00:20<00:42,  2.67it/s]
 32%|███▏      | 52/164 [00:20<00:38,  2.88it/s]
 34%|███▎      | 55/164 [00:20<00:25,  4.28it/s]
 35%|███▍      | 57/164 [00:22<00:40,  2.62it/s]
 35%|███▌      | 58/164 [00:22<00:35,  2.95it/s]
 37%|███▋      | 61/164 [00:24<00:42,  2.42it/s]
 38%|███▊      | 63/164 [00:24<00:33,  3.03it/s]
 40%|████      | 66/164 [00:26<00:39,  2.48it/s]
 41%|████▏     | 68/164 [00:26<00:31,  3.08it/s]
 43%|████▎     | 71/164 [00:27<00:36,  2.53it/s]
 45%|████▍     | 73/164 [00:28<00:29,  3.07it/s]
 46%|████▋     | 76/164 [00:29<00:33,  2.59it/s]
 48%|████▊     | 78/164 [00:29<00:28,  3.06it/s]
 49%|████▉     | 81/164 [00:31<00:31,  2.60it/s]
 51%|█████     | 83/164 [00:31<00:26,  3.08it/s]
 52%|█████▏    | 86/164 [00:33<00:29,  2.61it/s]
 54%|█████▎    | 88/164 [00:33<00:24,  3.11it/s]
 55%|█████▌    | 91/164 [00:34<00:27,  2.62it/s]
 57%|█████▋    | 93/164 [00:35<00:22,  3.09it/s]
 58%|█████▊    | 95/164 [00:35<00:17,  3.95it/s]
 59%|█████▊    | 96/164 [00:36<00:28,  2.36it/s]
 60%|█████▉    | 98/164 [00:36<00:22,  2.92it/s]
 61%|██████    | 100/164 [00:37<00:16,  3.93it/s]
 62%|██████▏   | 101/164 [00:38<00:29,  2.16it/s]
 63%|██████▎   | 103/164 [00:38<00:21,  2.82it/s]
 65%|██████▍   | 106/164 [00:40<00:24,  2.40it/s]
 66%|██████▌   | 108/164 [00:40<00:19,  2.90it/s]
 68%|██████▊   | 111/164 [00:42<00:21,  2.48it/s]
 69%|██████▉   | 113/164 [00:42<00:17,  2.99it/s]
 71%|███████   | 116/164 [00:43<00:18,  2.53it/s]
 72%|███████▏  | 118/164 [00:44<00:15,  2.99it/s]
 74%|███████▍  | 121/164 [00:45<00:16,  2.57it/s]
 75%|███████▌  | 123/164 [00:45<00:13,  2.98it/s]
 76%|███████▌  | 125/164 [00:46<00:10,  3.66it/s]
 77%|███████▋  | 126/164 [00:47<00:16,  2.29it/s]
 78%|███████▊  | 128/164 [00:47<00:12,  2.87it/s]
 80%|███████▉  | 131/164 [00:49<00:13,  2.40it/s]
 80%|████████  | 132/164 [00:49<00:12,  2.55it/s]
 82%|████████▏ | 134/164 [00:49<00:08,  3.46it/s]
 82%|████████▏ | 135/164 [00:50<00:08,  3.34it/s]
 83%|████████▎ | 136/164 [00:51<00:13,  2.15it/s]
 84%|████████▎ | 137/164 [00:51<00:11,  2.37it/s]
 85%|████████▌ | 140/164 [00:51<00:07,  3.33it/s]
 86%|████████▌ | 141/164 [00:52<00:09,  2.34it/s]
 87%|████████▋ | 142/164 [00:53<00:08,  2.50it/s]
 87%|████████▋ | 143/164 [00:53<00:07,  2.99it/s]
 88%|████████▊ | 145/164 [00:53<00:05,  3.65it/s]
 89%|████████▉ | 146/164 [00:54<00:07,  2.32it/s]
 90%|████████▉ | 147/164 [00:55<00:06,  2.45it/s]
 90%|█████████ | 148/164 [00:55<00:05,  3.00it/s]
 91%|█████████▏| 150/164 [00:55<00:03,  3.86it/s]
 92%|█████████▏| 151/164 [00:56<00:05,  2.31it/s]
 93%|█████████▎| 152/164 [00:56<00:05,  2.29it/s]
 95%|█████████▍| 155/164 [00:57<00:02,  3.68it/s]
 95%|█████████▌| 156/164 [00:58<00:03,  2.43it/s]
 96%|█████████▌| 157/164 [00:58<00:02,  2.37it/s]
 98%|█████████▊| 160/164 [00:59<00:01,  3.63it/s]
 98%|█████████▊| 161/164 [01:00<00:01,  2.48it/s]
 99%|█████████▉| 162/164 [01:00<00:00,  2.40it/s]
100%|██████████| 164/164 [01:00<00:00,  2.71it/s]
