/opt/homebrew/Cellar/mlx-lm/0.31.3_2/libexec/lib/python3.14/site-packages/mlx_lm/server.py:1723: UserWarning: mlx_lm.server is not recommended for production as it only implements basic security checks.
  warnings.warn(
2026-09-12 19:42:08,932 - INFO - Starting httpd at 127.0.0.1 on port 8081...
2026-09-12 19:42:09,095 - INFO - HTTP Request: GET https://huggingface.co/api/models/mlx-community/gemma-4-26b-a4b-it-4bit/revision/main "HTTP/1.1 200 OK"
Fetching 10 files:   0%|          | 0/10 [00:00<?, ?it/s]Fetching 10 files: 100%|██████████| 10/10 [00:00<00:00, 78251.94it/s]
2026-09-12 19:43:09,094 - INFO - Prompt Cache: 0 sequences, 0.00 GB
2026-09-12 19:43:09,094 - INFO - - assistant: 0 sequences, 0.00 GB
2026-09-12 19:43:09,094 - INFO - - user: 0 sequences, 0.00 GB
2026-09-12 19:43:09,094 - INFO - - system: 0 sequences, 0.00 GB
127.0.0.1 - - [12/Sep/2026 19:43:09] "POST /v1/chat/completions HTTP/1.1" 200 -
2026-09-12 19:43:12,167 - INFO - Prompt processing progress: 2048/2211
2026-09-12 19:43:12,423 - INFO - Prompt processing progress: 2139/2211
2026-09-12 19:43:12,660 - INFO - Prompt processing progress: 2210/2211
2026-09-12 19:43:12,697 - INFO - Prompt processing progress: 2211/2211
2026-09-12 19:43:15,502 - INFO - Prompt Cache: 2 sequences, 0.54 GB
2026-09-12 19:43:15,502 - INFO - - assistant: 0 sequences, 0.00 GB
2026-09-12 19:43:15,502 - INFO - - user: 1 sequences, 0.27 GB
2026-09-12 19:43:15,502 - INFO - - system: 1 sequences, 0.27 GB
127.0.0.1 - - [12/Sep/2026 19:43:15] "POST /v1/chat/completions HTTP/1.1" 200 -
2026-09-12 19:43:16,064 - INFO - Prompt processing progress: 191/192
2026-09-12 19:43:16,091 - INFO - Prompt processing progress: 192/192
2026-09-12 19:43:17,545 - INFO - Prompt Cache: 2 sequences, 0.54 GB
2026-09-12 19:43:17,545 - INFO - - assistant: 0 sequences, 0.00 GB
2026-09-12 19:43:17,545 - INFO - - user: 1 sequences, 0.27 GB
2026-09-12 19:43:17,545 - INFO - - system: 1 sequences, 0.27 GB
127.0.0.1 - - [12/Sep/2026 19:43:17] "POST /v1/chat/completions HTTP/1.1" 200 -
2026-09-12 19:43:18,319 - INFO - Prompt processing progress: 324/325
2026-09-12 19:43:18,344 - INFO - Prompt processing progress: 325/325
2026-09-12 19:43:19,021 - INFO - Prompt Cache: 2 sequences, 0.54 GB
2026-09-12 19:43:19,021 - INFO - - assistant: 0 sequences, 0.00 GB
2026-09-12 19:43:19,021 - INFO - - user: 1 sequences, 0.27 GB
2026-09-12 19:43:19,021 - INFO - - system: 1 sequences, 0.27 GB
127.0.0.1 - - [12/Sep/2026 19:43:19] "POST /v1/chat/completions HTTP/1.1" 200 -
2026-09-12 19:43:19,878 - INFO - Prompt processing progress: 410/411
2026-09-12 19:43:19,903 - INFO - Prompt processing progress: 411/411
2026-09-12 19:43:20,424 - INFO - Prompt Cache: 2 sequences, 0.54 GB
2026-09-12 19:43:20,424 - INFO - - assistant: 0 sequences, 0.00 GB
2026-09-12 19:43:20,424 - INFO - - user: 1 sequences, 0.27 GB
2026-09-12 19:43:20,424 - INFO - - system: 1 sequences, 0.27 GB
127.0.0.1 - - [12/Sep/2026 19:43:20] "POST /v1/chat/completions HTTP/1.1" 200 -
2026-09-12 19:43:21,427 - INFO - Prompt processing progress: 497/498
2026-09-12 19:43:21,453 - INFO - Prompt processing progress: 498/498
2026-09-12 19:43:32,811 - INFO - Prompt Cache: 2 sequences, 0.54 GB
2026-09-12 19:43:32,811 - INFO - - assistant: 0 sequences, 0.00 GB
2026-09-12 19:43:32,811 - INFO - - user: 1 sequences, 0.27 GB
2026-09-12 19:43:32,811 - INFO - - system: 1 sequences, 0.27 GB
127.0.0.1 - - [12/Sep/2026 19:43:32] "POST /v1/chat/completions HTTP/1.1" 200 -
2026-09-12 19:43:34,673 - INFO - Prompt processing progress: 1098/1099
2026-09-12 19:43:34,702 - INFO - Prompt processing progress: 1099/1099
2026-09-12 19:43:37,213 - INFO - Prompt Cache: 2 sequences, 0.54 GB
2026-09-12 19:43:37,214 - INFO - - assistant: 0 sequences, 0.00 GB
2026-09-12 19:43:37,214 - INFO - - user: 1 sequences, 0.27 GB
2026-09-12 19:43:37,214 - INFO - - system: 1 sequences, 0.27 GB
127.0.0.1 - - [12/Sep/2026 19:43:37] "POST /v1/chat/completions HTTP/1.1" 200 -
2026-09-12 19:43:39,305 - INFO - Prompt processing progress: 1250/1251
2026-09-12 19:43:39,332 - INFO - Prompt processing progress: 1251/1251
2026-09-12 19:43:40,531 - WARNING - Failed to parse tool call (JSONDecodeError: Expecting value: line 1 column 22 (char 21)) — tool text was likely truncated mid-generation.
