15385 MiB, 16311 MiB, 40, 24.25 W, 2610 MHz
Mem:           31899       13376        3955         170       16317       18523
Swap:          31898        8726       23172
15385 MiB, 16311 MiB, 42, 24.92 W, 2610 MHz
Mem:           31899       13342        3987         170       16319       18557
Swap:          31898        8726       23172
15385 MiB, 16311 MiB, 44, 25.25 W, 2610 MHz
Mem:           31899       13325        4000         170       16323       18574
Swap:          31898        8726       23172
15385 MiB, 16311 MiB, 44, 25.39 W, 2610 MHz
Mem:           31899       13347        3943         170       16359       18552
Swap:          31898        8720       23178
15385 MiB, 16311 MiB, 44, 25.89 W, 2610 MHz
Mem:           31899       13325        3956         170       16367       18574
Swap:          31898        8715       23183
15385 MiB, 16311 MiB, 44, 25.42 W, 2610 MHz
Mem:           31899       13277        3995         170       16376       18622
Swap:          31898        8715       23183
15371 MiB, 16311 MiB, 43, 27.52 W, 2632 MHz
Mem:           31899       13315        3808         171       16525       18583
Swap:          31898        8696       23202
15372 MiB, 16311 MiB, 43, 25.94 W, 2610 MHz
Mem:           31899       13385        3700         173       16567       18514
Swap:          31898        8683       23215
15341 MiB, 16311 MiB, 43, 27.82 W, 2617 MHz
Mem:           31899       13614        3053         177       16989       18285
Swap:          31898        8573       23325
15543 MiB, 16311 MiB, 41, 24.54 W, 2610 MHz
Mem:           31899       13466        2972         173       17214       18433
Swap:          31898        8529       23369
15543 MiB, 16311 MiB, 42, 25.00 W, 2610 MHz
Mem:           31899       13500        2920         173       17231       18399
Swap:          31898        8525       23373
15543 MiB, 16311 MiB, 41, 24.45 W, 2610 MHz
Mem:           31899       13490        2911         173       17250       18408
Swap:          31898        8524       23374
