Load from ground-truth from /Users/irae/Library/Caches/evalplus/fe585eb4df8c88d844eeb463ea4d0302.pkl
Reading samples...
humaneval (base tests)
pass@1:	0.018
humaneval+ (base + extra tests)
pass@1:	0.018

0it [00:00, ?it/s]
164it [00:00, 3938.99it/s]

  0%|          | 0/164 [00:00<?, ?it/s]
  1%|          | 1/164 [00:02<06:53,  2.54s/it]
  2%|▏         | 4/164 [00:02<01:21,  1.97it/s]
  4%|▎         | 6/164 [00:04<01:41,  1.55it/s]
  4%|▍         | 7/164 [00:04<01:21,  1.92it/s]
  7%|▋         | 11/164 [00:06<01:09,  2.20it/s]
  7%|▋         | 12/164 [00:06<01:00,  2.51it/s]
  9%|▉         | 15/164 [00:06<00:37,  4.00it/s]
 10%|█         | 17/164 [00:08<01:02,  2.36it/s]
 12%|█▏        | 20/164 [00:08<00:40,  3.54it/s]
 13%|█▎        | 22/164 [00:09<00:59,  2.37it/s]
 15%|█▌        | 25/164 [00:09<00:40,  3.47it/s]
 16%|█▋        | 27/164 [00:11<00:57,  2.39it/s]
 17%|█▋        | 28/164 [00:11<00:50,  2.69it/s]
 19%|█▉        | 31/164 [00:13<00:58,  2.26it/s]
 20%|██        | 33/164 [00:13<00:44,  2.97it/s]
 22%|██▏       | 36/164 [00:15<00:53,  2.39it/s]
 23%|██▎       | 38/164 [00:15<00:41,  3.04it/s]
 25%|██▌       | 41/164 [00:16<00:49,  2.48it/s]
 26%|██▌       | 43/164 [00:16<00:38,  3.13it/s]
 28%|██▊       | 46/164 [00:18<00:46,  2.51it/s]
 29%|██▉       | 48/164 [00:18<00:36,  3.20it/s]
 31%|███       | 51/164 [00:20<00:44,  2.53it/s]
 32%|███▏      | 53/164 [00:20<00:34,  3.20it/s]
 34%|███▍      | 56/164 [00:22<00:42,  2.52it/s]
 36%|███▌      | 59/164 [00:22<00:29,  3.60it/s]
 37%|███▋      | 61/164 [00:24<00:42,  2.40it/s]
 40%|████      | 66/164 [00:25<00:37,  2.58it/s]
 43%|████▎     | 70/164 [00:25<00:24,  3.81it/s]
 44%|████▍     | 72/164 [00:27<00:34,  2.65it/s]
 46%|████▋     | 76/164 [00:29<00:34,  2.53it/s]
 48%|████▊     | 79/164 [00:29<00:25,  3.39it/s]
 49%|████▉     | 81/164 [00:31<00:33,  2.47it/s]
 51%|█████     | 83/164 [00:31<00:26,  3.03it/s]
 52%|█████▏    | 86/164 [00:32<00:31,  2.50it/s]
 54%|█████▎    | 88/164 [00:32<00:24,  3.07it/s]
 55%|█████▌    | 91/164 [00:34<00:28,  2.56it/s]
 57%|█████▋    | 93/164 [00:34<00:22,  3.15it/s]
 59%|█████▊    | 96/164 [00:36<00:26,  2.56it/s]
 60%|█████▉    | 98/164 [00:36<00:20,  3.18it/s]
 62%|██████▏   | 101/164 [00:38<00:24,  2.53it/s]
 63%|██████▎   | 104/164 [00:38<00:17,  3.51it/s]
 65%|██████▍   | 106/164 [00:39<00:23,  2.46it/s]
 66%|██████▋   | 109/164 [00:40<00:15,  3.49it/s]
 68%|██████▊   | 111/164 [00:41<00:21,  2.43it/s]
 70%|██████▉   | 114/164 [00:41<00:14,  3.44it/s]
 71%|███████   | 116/164 [00:43<00:19,  2.42it/s]
 73%|███████▎  | 119/164 [00:43<00:13,  3.42it/s]
 74%|███████▍  | 121/164 [00:45<00:17,  2.43it/s]
 75%|███████▌  | 123/164 [00:45<00:13,  3.10it/s]
 76%|███████▌  | 125/164 [00:45<00:10,  3.79it/s]
 77%|███████▋  | 126/164 [00:46<00:17,  2.21it/s]
 77%|███████▋  | 127/164 [00:47<00:14,  2.59it/s]
 79%|███████▊  | 129/164 [00:47<00:09,  3.68it/s]
 80%|███████▉  | 131/164 [00:48<00:15,  2.13it/s]
 80%|████████  | 132/164 [00:48<00:12,  2.49it/s]
 82%|████████▏ | 135/164 [00:49<00:08,  3.36it/s]
 83%|████████▎ | 136/164 [00:50<00:12,  2.20it/s]
 84%|████████▎ | 137/164 [00:50<00:10,  2.54it/s]
 85%|████████▌ | 140/164 [00:51<00:06,  3.54it/s]
 86%|████████▌ | 141/164 [00:52<00:10,  2.29it/s]
 87%|████████▋ | 142/164 [00:52<00:08,  2.59it/s]
 88%|████████▊ | 145/164 [00:52<00:04,  3.91it/s]
 89%|████████▉ | 146/164 [00:54<00:07,  2.29it/s]
 90%|████████▉ | 147/164 [00:54<00:06,  2.63it/s]
 91%|█████████▏| 150/164 [00:54<00:03,  4.06it/s]
 92%|█████████▏| 151/164 [00:55<00:05,  2.27it/s]
 93%|█████████▎| 152/164 [00:56<00:04,  2.64it/s]
 95%|█████████▍| 155/164 [00:56<00:02,  4.06it/s]
 95%|█████████▌| 156/164 [00:57<00:03,  2.26it/s]
 96%|█████████▌| 157/164 [00:57<00:02,  2.63it/s]
 98%|█████████▊| 160/164 [00:58<00:00,  4.10it/s]
 98%|█████████▊| 161/164 [00:59<00:01,  2.28it/s]
 99%|█████████▉| 162/164 [00:59<00:00,  2.56it/s]
100%|██████████| 164/164 [00:59<00:00,  2.75it/s]
