12355 MiB, 16311 MiB, 36, 8.20 W, 232 MHz
Mem:           31899        9188        1333         866       23926       22711
Swap:          31898           0       31898
12333 MiB, 16311 MiB, 37, 9.84 W, 427 MHz
Mem:           31899        9174        1344         866       23929       22725
Swap:          31898           0       31898
12355 MiB, 16311 MiB, 38, 14.80 W, 180 MHz
Mem:           31899        9161        1352         866       23934       22738
Swap:          31898           0       31898
12355 MiB, 16311 MiB, 38, 9.97 W, 427 MHz
Mem:           31899        9205        1294         868       23950       22694
Swap:          31898           0       31898
12355 MiB, 16311 MiB, 38, 14.92 W, 180 MHz
Mem:           31899        9209        1271         866       23966       22689
Swap:          31898           0       31898
12355 MiB, 16311 MiB, 37, 7.82 W, 180 MHz
Mem:           31899        9163        1308         866       23976       22736
Swap:          31898           0       31898
12587 MiB, 16311 MiB, 36, 5.41 W, 247 MHz
Mem:           31899        9267         931         869       24251       22632
Swap:          31898           0       31898
12586 MiB, 16311 MiB, 36, 5.15 W, 180 MHz
Mem:           31899        9277         892         866       24278       22622
Swap:          31898           0       31898
12630 MiB, 16311 MiB, 36, 6.09 W, 180 MHz
Mem:           31899        9352         783         866       24312       22547
Swap:          31898           0       31898
