15810 MiB, 16311 MiB, 32, 4.46 W, 180 MHz
Mem:           31899        9385        1705         273       22646       22514
Swap:          31898        3809       28089
15813 MiB, 16311 MiB, 33, 4.60 W, 180 MHz
Mem:           31899        9435        1606         272       22694       22464
Swap:          31898        3808       28090
15813 MiB, 16311 MiB, 34, 5.24 W, 180 MHz
Mem:           31899        9448        1543         272       22744       22451
Swap:          31898        3808       28090
15809 MiB, 16311 MiB, 45, 6.16 W, 180 MHz
Mem:           31899        9654         962         280       23126       22245
Swap:          31898        3797       28101
15816 MiB, 16311 MiB, 39, 5.63 W, 180 MHz
Mem:           31899        9893         955         286       22900       22006
Swap:          31898        3780       28118
15816 MiB, 16311 MiB, 39, 6.05 W, 180 MHz
Mem:           31899        9862         935         284       22949       22037
Swap:          31898        3773       28125
15816 MiB, 16311 MiB, 38, 5.15 W, 180 MHz
Mem:           31899       10117         597         284       23033       21782
Swap:          31898        3769       28129
15813 MiB, 16311 MiB, 38, 5.98 W, 180 MHz
Mem:           31899       10149         978         284       22620       21750
Swap:          31898        3761       28137
15813 MiB, 16311 MiB, 38, 5.33 W, 180 MHz
Mem:           31899       10151         865         284       22730       21748
Swap:          31898        3757       28141
