15578 MiB, 16311 MiB, 41, 24.58 W, 2610 MHz
Mem:           31899       10119        1428         252       22157       21780
Swap:          31898        6253       25645
15578 MiB, 16311 MiB, 42, 25.40 W, 2610 MHz
Mem:           31899       10153        1394         252       22157       21746
Swap:          31898        6235       25663
15578 MiB, 16311 MiB, 42, 25.18 W, 2610 MHz
Mem:           31899       10175        1364         252       22164       21724
Swap:          31898        6232       25666
15578 MiB, 16311 MiB, 40, 24.38 W, 2610 MHz
Mem:           31899       10425        1108         254       22173       21474
Swap:          31898        6229       25669
15581 MiB, 16311 MiB, 41, 24.38 W, 2610 MHz
Mem:           31899       10329        1187         253       22188       21569
Swap:          31898        6228       25670
15581 MiB, 16311 MiB, 41, 24.48 W, 2610 MHz
Mem:           31899       10330        1177         255       22200       21569
Swap:          31898        6225       25673
15581 MiB, 16311 MiB, 40, 24.07 W, 2610 MHz
Mem:           31899       10830         603         253       22272       21069
Swap:          31898        6222       25676
15581 MiB, 16311 MiB, 40, 24.28 W, 2610 MHz
Mem:           31899       10787         938         255       21982       21111
Swap:          31898        6229       25669
15581 MiB, 16311 MiB, 40, 24.21 W, 2610 MHz
Mem:           31899       10882         788         256       22038       21017
Swap:          31898        6163       25735
