15585 MiB, 16311 MiB, 38, 6.13 W, 180 MHz
Mem:           31899        7657         745         255       25354       24242
Swap:          31898        1603       30295
15585 MiB, 16311 MiB, 38, 5.12 W, 180 MHz
Mem:           31899        7700         699         255       25358       24199
Swap:          31898        1603       30295
15585 MiB, 16311 MiB, 38, 5.32 W, 180 MHz
Mem:           31899        7496         895         255       25365       24403
Swap:          31898        1605       30293
15585 MiB, 16311 MiB, 44, 5.96 W, 187 MHz
Mem:           31899        7632         714         256       25411       24267
Swap:          31898        1590       30308
15585 MiB, 16311 MiB, 39, 5.40 W, 180 MHz
Mem:           31899        7647         691         256       25420       24252
Swap:          31898        1590       30308
15585 MiB, 16311 MiB, 39, 5.30 W, 180 MHz
Mem:           31899        7630         656         256       25470       24268
Swap:          31898        1585       30313
15585 MiB, 16311 MiB, 37, 5.17 W, 180 MHz
Mem:           31899        7635        1071         256       25051       24264
Swap:          31898        1590       30308
15585 MiB, 16311 MiB, 37, 5.31 W, 180 MHz
Mem:           31899        7648        1046         256       25064       24251
Swap:          31898        1590       30308
15585 MiB, 16311 MiB, 37, 5.24 W, 180 MHz
Mem:           31899        7667        1006         256       25084       24232
Swap:          31898        1590       30308
