13052 MiB, 16311 MiB, 38, 5.22 W, 180 MHz
Mem:           31899        9114         637         866       24695       22785
Swap:          31898           0       31898
13052 MiB, 16311 MiB, 39, 5.92 W, 180 MHz
Mem:           31899        9069         681         866       24696       22829
Swap:          31898           0       31898
13052 MiB, 16311 MiB, 38, 5.05 W, 180 MHz
Mem:           31899        9085         664         866       24698       22814
Swap:          31898           0       31898
13052 MiB, 16311 MiB, 37, 5.90 W, 180 MHz
Mem:           31899        9080         657         868       24711       22819
Swap:          31898           0       31898
13052 MiB, 16311 MiB, 37, 5.10 W, 180 MHz
Mem:           31899        9053         669         866       24724       22846
Swap:          31898           0       31898
13052 MiB, 16311 MiB, 37, 5.83 W, 180 MHz
Mem:           31899        9114         597         866       24735       22784
Swap:          31898           0       31898
13052 MiB, 16311 MiB, 36, 4.89 W, 180 MHz
Mem:           31899        9199         812         866       24435       22699
Swap:          31898           0       31898
13000 MiB, 16311 MiB, 36, 5.06 W, 180 MHz
Mem:           31899        9249         762         869       24438       22649
Swap:          31898           0       31898
13000 MiB, 16311 MiB, 36, 5.11 W, 180 MHz
Mem:           31899        9263         744         866       24439       22635
Swap:          31898           0       31898
