15592 MiB, 16311 MiB, 41, 27.90 W, 2662 MHz
Mem:           31899       11367        5116         278       17247       20532
Swap:          31898        5050       26848
15577 MiB, 16311 MiB, 41, 27.12 W, 2617 MHz
Mem:           31899       11319        5162         278       17250       20580
Swap:          31898        5049       26849
15577 MiB, 16311 MiB, 42, 26.42 W, 2610 MHz
Mem:           31899       11358        5134         276       17236       20541
Swap:          31898        5049       26849
15699 MiB, 16311 MiB, 40, 26.92 W, 2617 MHz
Mem:           31899       11723        4753         276       17252       20176
Swap:          31898        5009       26889
15692 MiB, 16311 MiB, 40, 27.00 W, 2617 MHz
Mem:           31899       11638        4836         276       17254       20261
Swap:          31898        5009       26889
15873 MiB, 16311 MiB, 40, 24.40 W, 2610 MHz
Mem:           31899       11630        4836         278       17265       20269
Swap:          31898        5008       26890
15873 MiB, 16311 MiB, 40, 24.26 W, 2610 MHz
Mem:           31899       11977        4467         277       17285       19921
Swap:          31898        5008       26890
15873 MiB, 16311 MiB, 40, 24.18 W, 2610 MHz
Mem:           31899       12014        4408         279       17309       19885
Swap:          31898        5007       26891
15848 MiB, 16311 MiB, 40, 24.36 W, 2617 MHz
Mem:           31899       12004        4402         272       17318       19895
Swap:          31898        5007       26891
