14760 MiB, 16311 MiB, 34, 7.88 W, 180 MHz
Mem:           31899        9193        1012         267       23516       22706
Swap:          31898        4221       27677
14782 MiB, 16311 MiB, 35, 7.26 W, 180 MHz
Mem:           31899        9185         725         269       23813       22713
Swap:          31898        4214       27684
14785 MiB, 16311 MiB, 37, 14.37 W, 960 MHz
Mem:           31899        9064         690         269       23969       22835
Swap:          31898        4170       27728
14789 MiB, 16311 MiB, 39, 9.35 W, 180 MHz
Mem:           31899        9558         769         265       23392       22341
Swap:          31898        4148       27750
14790 MiB, 16311 MiB, 40, 25.35 W, 1995 MHz
Mem:           31899        9392         890         261       23434       22507
Swap:          31898        4148       27750
14796 MiB, 16311 MiB, 39, 9.30 W, 345 MHz
Mem:           31899       10902        1191         258       21619       20997
Swap:          31898        4679       27219
15013 MiB, 16311 MiB, 38, 6.21 W, 180 MHz
Mem:           31899       12372        1018         258       20322       19527
Swap:          31898        4491       27407
15013 MiB, 16311 MiB, 38, 5.38 W, 172 MHz
Mem:           31899       12368        1675         259       19668       19530
Swap:          31898        4481       27417
15015 MiB, 16311 MiB, 38, 5.35 W, 180 MHz
Mem:           31899       12355        1636         259       19722       19544
Swap:          31898        4477       27421
