15367 MiB, 16311 MiB, 41, 28.64 W, 2647 MHz
Mem:           31899       11077        5975         239       16639       20822
Swap:          31898        5190       26708
15388 MiB, 16311 MiB, 42, 29.52 W, 2655 MHz
Mem:           31899       11276        5769         263       16670       20623
Swap:          31898        5188       26710
15384 MiB, 16311 MiB, 41, 26.70 W, 2617 MHz
Mem:           31899       11120        5924         257       16665       20779
Swap:          31898        5187       26711
15380 MiB, 16311 MiB, 40, 26.61 W, 2617 MHz
Mem:           31899       11297        5727         241       16669       20602
Swap:          31898        5167       26731
15388 MiB, 16311 MiB, 40, 29.23 W, 2655 MHz
Mem:           31899       11291        5734         241       16669       20608
Swap:          31898        5167       26731
15377 MiB, 16311 MiB, 40, 26.76 W, 2610 MHz
Mem:           31899       11229        5788         237       16672       20669
Swap:          31898        5166       26732
15401 MiB, 16311 MiB, 40, 26.81 W, 2617 MHz
Mem:           31899       11589        5416         237       16684       20310
Swap:          31898        5166       26732
15401 MiB, 16311 MiB, 40, 26.62 W, 2617 MHz
Mem:           31899       11565        5423         237       16702       20334
Swap:          31898        5166       26732
15399 MiB, 16311 MiB, 40, 26.76 W, 2610 MHz
Mem:           31899       11681        5246         245       16771       20218
Swap:          31898        5159       26739
