15819 MiB, 16311 MiB, 37, 5.18 W, 180 MHz
Mem:           31899        7934        5427         193       20297       23965
Swap:          31898        5411       26487
15819 MiB, 16311 MiB, 37, 4.74 W, 180 MHz
Mem:           31899        8101        5236         195       20323       23798
Swap:          31898        5186       26712
15819 MiB, 16311 MiB, 37, 4.70 W, 180 MHz
Mem:           31899        8202        5039         196       20420       23697
Swap:          31898        5079       26819
15822 MiB, 16311 MiB, 38, 5.04 W, 180 MHz
Mem:           31899        8473        4557         143       20578       23425
Swap:          31898        4819       27079
15818 MiB, 16311 MiB, 38, 4.98 W, 180 MHz
Mem:           31899        8377        4443         142       20788       23522
Swap:          31898        4788       27110
15786 MiB, 16311 MiB, 39, 5.37 W, 180 MHz
Mem:           31899        8488        4218         150       20910       23411
Swap:          31898        4684       27214
15786 MiB, 16311 MiB, 39, 5.31 W, 180 MHz
Mem:           31899        8595        4045         150       20976       23304
Swap:          31898        4570       27328
15786 MiB, 16311 MiB, 38, 5.13 W, 180 MHz
Mem:           31899        8598        3975         152       21044       23301
Swap:          31898        4551       27347
15786 MiB, 16311 MiB, 38, 5.22 W, 180 MHz
Mem:           31899        8673        3826         150       21116       23226
Swap:          31898        4531       27367
