Load from ground-truth from /Users/irae/Library/Caches/evalplus/fe585eb4df8c88d844eeb463ea4d0302.pkl
Reading samples...
humaneval (base tests)
pass@1:	0.024
humaneval+ (base + extra tests)
pass@1:	0.024

0it [00:00, ?it/s]
164it [00:00, 4888.05it/s]

  0%|          | 0/164 [00:00<?, ?it/s]
  1%|          | 1/164 [00:02<06:44,  2.48s/it]
  4%|▎         | 6/164 [00:04<01:37,  1.63it/s]
  5%|▌         | 9/164 [00:04<00:56,  2.72it/s]
  7%|▋         | 11/164 [00:06<01:18,  1.96it/s]
  9%|▉         | 15/164 [00:06<00:43,  3.44it/s]
 10%|█         | 17/164 [00:07<01:04,  2.28it/s]
 12%|█▏        | 20/164 [00:08<00:43,  3.29it/s]
 13%|█▎        | 22/164 [00:09<01:02,  2.28it/s]
 16%|█▌        | 26/164 [00:11<00:58,  2.35it/s]
 16%|█▋        | 27/164 [00:11<00:54,  2.53it/s]
 19%|█▉        | 31/164 [00:13<00:52,  2.52it/s]
 20%|█▉        | 32/164 [00:13<00:48,  2.74it/s]
 21%|██▏       | 35/164 [00:13<00:31,  4.03it/s]
 23%|██▎       | 37/164 [00:15<00:50,  2.52it/s]
 25%|██▌       | 41/164 [00:16<00:49,  2.49it/s]
 26%|██▌       | 42/164 [00:16<00:44,  2.73it/s]
 26%|██▌       | 43/164 [00:17<00:39,  3.05it/s]
 28%|██▊       | 46/164 [00:18<00:47,  2.50it/s]
 29%|██▊       | 47/164 [00:18<00:41,  2.82it/s]
 29%|██▉       | 48/164 [00:18<00:36,  3.15it/s]
 31%|███       | 51/164 [00:20<00:44,  2.52it/s]
 32%|███▏      | 52/164 [00:20<00:38,  2.90it/s]
 32%|███▏      | 53/164 [00:20<00:36,  3.07it/s]
 34%|███▍      | 56/164 [00:22<00:42,  2.56it/s]
 35%|███▍      | 57/164 [00:22<00:37,  2.85it/s]
 35%|███▌      | 58/164 [00:22<00:34,  3.05it/s]
 37%|███▋      | 61/164 [00:23<00:40,  2.56it/s]
 38%|███▊      | 62/164 [00:23<00:34,  2.95it/s]
 38%|███▊      | 63/164 [00:24<00:32,  3.15it/s]
 39%|███▉      | 64/164 [00:24<00:27,  3.70it/s]
 40%|████      | 66/164 [00:25<00:42,  2.29it/s]
 41%|████▏     | 68/164 [00:26<00:32,  2.92it/s]
 43%|████▎     | 71/164 [00:27<00:37,  2.50it/s]
 45%|████▍     | 73/164 [00:27<00:30,  3.01it/s]
 46%|████▋     | 76/164 [00:29<00:34,  2.54it/s]
 48%|████▊     | 78/164 [00:29<00:28,  3.02it/s]
 49%|████▉     | 81/164 [00:31<00:32,  2.54it/s]
 51%|█████     | 83/164 [00:31<00:26,  3.03it/s]
 52%|█████▏    | 86/164 [00:32<00:30,  2.55it/s]
 54%|█████▎    | 88/164 [00:33<00:24,  3.08it/s]
 55%|█████▌    | 91/164 [00:34<00:28,  2.57it/s]
 57%|█████▋    | 93/164 [00:34<00:23,  3.08it/s]
 59%|█████▊    | 96/164 [00:36<00:26,  2.56it/s]
 60%|█████▉    | 98/164 [00:36<00:21,  3.06it/s]
 62%|██████▏   | 101/164 [00:38<00:24,  2.55it/s]
 63%|██████▎   | 103/164 [00:38<00:19,  3.08it/s]
 65%|██████▍   | 106/164 [00:40<00:22,  2.58it/s]
 66%|██████▌   | 108/164 [00:40<00:18,  3.06it/s]
 68%|██████▊   | 111/164 [00:41<00:20,  2.58it/s]
 69%|██████▉   | 113/164 [00:42<00:16,  3.03it/s]
 71%|███████   | 116/164 [00:43<00:19,  2.53it/s]
 72%|███████▏  | 118/164 [00:43<00:14,  3.09it/s]
 74%|███████▍  | 121/164 [00:45<00:16,  2.55it/s]
 75%|███████▌  | 123/164 [00:45<00:13,  3.10it/s]
 76%|███████▌  | 125/164 [00:45<00:10,  3.87it/s]
 77%|███████▋  | 126/164 [00:47<00:16,  2.25it/s]
 78%|███████▊  | 128/164 [00:47<00:12,  2.98it/s]
 80%|███████▉  | 131/164 [00:49<00:13,  2.42it/s]
 80%|████████  | 132/164 [00:49<00:12,  2.63it/s]
 82%|████████▏ | 135/164 [00:49<00:08,  3.54it/s]
 83%|████████▎ | 136/164 [00:50<00:11,  2.34it/s]
 84%|████████▎ | 137/164 [00:51<00:10,  2.53it/s]
 85%|████████▌ | 140/164 [00:51<00:06,  3.48it/s]
 86%|████████▌ | 141/164 [00:52<00:09,  2.42it/s]
 87%|████████▋ | 142/164 [00:52<00:08,  2.58it/s]
 88%|████████▊ | 145/164 [00:53<00:05,  3.44it/s]
 89%|████████▉ | 146/164 [00:54<00:07,  2.44it/s]
 90%|████████▉ | 147/164 [00:54<00:06,  2.55it/s]
 91%|█████████▏| 150/164 [00:55<00:04,  3.44it/s]
 92%|█████████▏| 151/164 [00:56<00:05,  2.46it/s]
 93%|█████████▎| 152/164 [00:56<00:04,  2.53it/s]
 95%|█████████▍| 155/164 [00:57<00:02,  3.37it/s]
 95%|█████████▌| 156/164 [00:58<00:03,  2.47it/s]
 96%|█████████▌| 157/164 [00:58<00:02,  2.52it/s]
 98%|█████████▊| 160/164 [00:58<00:01,  3.41it/s]
 98%|█████████▊| 161/164 [00:59<00:01,  2.47it/s]
 99%|█████████▉| 162/164 [01:00<00:00,  2.53it/s]
100%|██████████| 164/164 [01:00<00:00,  2.72it/s]
