=== PROMPT: What is 17*23? Answer with the number only.
finish: stop
391
=== PROMPT: Write a Python function that reverses a string.
finish: length
```python
def reverse_string(s: str) -> str:
    """
    Reverse a string.
    
    Args:
        s: The input string to reverse.
        
    Returns:
        The reversed string.
    """
    return s[::-1]
```

### How It Works

The slice notation `s[::-1]` is the most Pythonic way to reverse a st
=== PROMPT: Name the capital of France.
finish: stop
The capital of France is **Paris**.
