Load from ground-truth from /Users/irae/Library/Caches/evalplus/fe585eb4df8c88d844eeb463ea4d0302.pkl
Reading samples...
humaneval (base tests)
pass@1:	0.024
humaneval+ (base + extra tests)
pass@1:	0.024

0it [00:00, ?it/s]
164it [00:00, 6366.71it/s]

  0%|          | 0/164 [00:00<?, ?it/s]
  1%|          | 1/164 [00:02<07:17,  2.68s/it]
  4%|▎         | 6/164 [00:04<01:42,  1.54it/s]
  7%|▋         | 11/164 [00:06<01:15,  2.02it/s]
 10%|▉         | 16/164 [00:08<01:05,  2.25it/s]
 12%|█▏        | 20/164 [00:08<00:45,  3.20it/s]
 13%|█▎        | 21/164 [00:10<01:03,  2.25it/s]
 13%|█▎        | 22/164 [00:10<00:57,  2.47it/s]
 16%|█▌        | 26/164 [00:11<00:55,  2.48it/s]
 16%|█▋        | 27/164 [00:11<00:51,  2.64it/s]
 19%|█▉        | 31/164 [00:13<00:50,  2.62it/s]
 20%|█▉        | 32/164 [00:13<00:47,  2.80it/s]
 22%|██▏       | 36/164 [00:15<00:47,  2.71it/s]
 23%|██▎       | 37/164 [00:15<00:44,  2.87it/s]
 24%|██▍       | 40/164 [00:15<00:29,  4.27it/s]
 26%|██▌       | 42/164 [00:17<00:47,  2.55it/s]
 27%|██▋       | 45/164 [00:17<00:31,  3.78it/s]
 29%|██▊       | 47/164 [00:19<00:47,  2.44it/s]
 30%|███       | 50/164 [00:19<00:31,  3.60it/s]
 32%|███▏      | 52/164 [00:20<00:47,  2.35it/s]
 34%|███▍      | 56/164 [00:22<00:41,  2.58it/s]
 35%|███▍      | 57/164 [00:22<00:42,  2.54it/s]
 37%|███▋      | 61/164 [00:24<00:38,  2.70it/s]
 38%|███▊      | 62/164 [00:24<00:38,  2.63it/s]
 40%|████      | 66/164 [00:25<00:35,  2.76it/s]
 41%|████      | 67/164 [00:26<00:36,  2.68it/s]
 43%|████▎     | 71/164 [00:27<00:33,  2.79it/s]
 44%|████▍     | 72/164 [00:28<00:33,  2.76it/s]
 45%|████▍     | 73/164 [00:28<00:29,  3.09it/s]
 46%|████▋     | 76/164 [00:29<00:32,  2.74it/s]
 47%|████▋     | 77/164 [00:29<00:31,  2.79it/s]
 48%|████▊     | 78/164 [00:29<00:27,  3.08it/s]
 49%|████▉     | 81/164 [00:31<00:30,  2.69it/s]
 50%|█████     | 82/164 [00:31<00:29,  2.77it/s]
 51%|█████     | 83/164 [00:31<00:25,  3.13it/s]
 52%|█████▏    | 86/164 [00:33<00:29,  2.64it/s]
 53%|█████▎    | 87/164 [00:33<00:27,  2.79it/s]
 54%|█████▎    | 88/164 [00:33<00:24,  3.14it/s]
 55%|█████▌    | 91/164 [00:34<00:27,  2.65it/s]
 56%|█████▌    | 92/164 [00:35<00:25,  2.78it/s]
 57%|█████▋    | 93/164 [00:35<00:22,  3.14it/s]
 59%|█████▊    | 96/164 [00:36<00:25,  2.65it/s]
 59%|█████▉    | 97/164 [00:36<00:24,  2.78it/s]
 60%|█████▉    | 98/164 [00:37<00:21,  3.09it/s]
 62%|██████▏   | 101/164 [00:38<00:24,  2.56it/s]
 62%|██████▏   | 102/164 [00:38<00:22,  2.75it/s]
 63%|██████▎   | 103/164 [00:38<00:19,  3.11it/s]
 65%|██████▍   | 106/164 [00:40<00:22,  2.58it/s]
 65%|██████▌   | 107/164 [00:40<00:20,  2.79it/s]
 66%|██████▌   | 108/164 [00:40<00:17,  3.21it/s]
 68%|██████▊   | 111/164 [00:41<00:20,  2.56it/s]
 68%|██████▊   | 112/164 [00:42<00:18,  2.86it/s]
 69%|██████▉   | 113/164 [00:42<00:16,  3.08it/s]
 71%|███████   | 116/164 [00:43<00:18,  2.57it/s]
 71%|███████▏  | 117/164 [00:43<00:16,  2.89it/s]
 72%|███████▏  | 118/164 [00:44<00:15,  3.04it/s]
 74%|███████▍  | 121/164 [00:45<00:17,  2.52it/s]
 75%|███████▌  | 123/164 [00:45<00:13,  3.03it/s]
 76%|███████▌  | 125/164 [00:46<00:10,  3.75it/s]
 77%|███████▋  | 126/164 [00:47<00:16,  2.27it/s]
 78%|███████▊  | 128/164 [00:47<00:13,  2.75it/s]
 80%|███████▉  | 131/164 [00:49<00:13,  2.42it/s]
 80%|████████  | 132/164 [00:49<00:13,  2.39it/s]
 82%|████████▏ | 135/164 [00:50<00:08,  3.46it/s]
 83%|████████▎ | 136/164 [00:51<00:11,  2.40it/s]
 84%|████████▎ | 137/164 [00:51<00:11,  2.40it/s]
 85%|████████▌ | 140/164 [00:51<00:06,  3.50it/s]
 86%|████████▌ | 141/164 [00:52<00:09,  2.50it/s]
 87%|████████▋ | 142/164 [00:53<00:09,  2.39it/s]
 88%|████████▊ | 145/164 [00:53<00:05,  3.59it/s]
 89%|████████▉ | 146/164 [00:54<00:07,  2.57it/s]
 90%|████████▉ | 147/164 [00:55<00:07,  2.36it/s]
 91%|█████████▏| 150/164 [00:55<00:03,  3.56it/s]
 92%|█████████▏| 151/164 [00:56<00:05,  2.59it/s]
 93%|█████████▎| 152/164 [00:56<00:04,  2.43it/s]
 94%|█████████▍| 154/164 [00:57<00:02,  3.60it/s]
 95%|█████████▍| 155/164 [00:57<00:02,  3.50it/s]
 95%|█████████▌| 156/164 [00:58<00:03,  2.37it/s]
 96%|█████████▌| 157/164 [00:58<00:03,  2.27it/s]
 98%|█████████▊| 160/164 [00:59<00:01,  3.54it/s]
 98%|█████████▊| 161/164 [00:59<00:01,  2.49it/s]
 99%|█████████▉| 162/164 [01:00<00:00,  2.36it/s]
100%|██████████| 164/164 [01:00<00:00,  2.71it/s]
